Performing C SOURCE FILE Test HAVE_AVX512 failed with the following output:
Change Dir: '/home/avadik/srs/srsRAN_4G/build/release/CMakeFiles/CMakeTmp'

Run Build Command(s): /usr/bin/cmake -E env VERBOSE=1 /usr/bin/gmake -f Makefile cmTC_ab2db/fast
/usr/bin/gmake  -f CMakeFiles/cmTC_ab2db.dir/build.make CMakeFiles/cmTC_ab2db.dir/build
gmake[1]: вход в каталог «/home/avadik/srs/srsRAN_4G/build/release/CMakeFiles/CMakeTmp»
Building C object CMakeFiles/cmTC_ab2db.dir/src.c.o
/usr/bin/cc   -DHAVE_AVX512 -mavx512f -mavx512cd -mavx512bw -mavx512dq -DLV_HAVE_AVX512 -o CMakeFiles/cmTC_ab2db.dir/src.c.o -c /home/avadik/srs/srsRAN_4G/build/release/CMakeFiles/CMakeTmp/src.c
Linking C executable cmTC_ab2db
/usr/bin/cmake -E cmake_link_script CMakeFiles/cmTC_ab2db.dir/link.txt --verbose=1
/usr/bin/cc  -DHAVE_AVX512 -mavx512f -mavx512cd -mavx512bw -mavx512dq -DLV_HAVE_AVX512 CMakeFiles/cmTC_ab2db.dir/src.c.o -o cmTC_ab2db 
gmake[1]: выход из каталога «/home/avadik/srs/srsRAN_4G/build/release/CMakeFiles/CMakeTmp»


Return value: FAILED_TO_RUN
Source file was:

          #include <immintrin.h>
          int main()
          {
            __m512i a, b, c;
            const int src[16] = { 0x0, 0x1, 0x2, 0x3, 0x4, 0x5, 0x6, 0x7, 0x8 , 0x9, 0xA, 0xB, 0xC, 0xD, 0xE, 0xF};
            int dst[16];
            a =  _mm512_loadu_si512( (__m512i*)src );
            b =  _mm512_loadu_si512( (__m512i*)src );
            c = _mm512_add_epi32( a, b );
            _mm512_storeu_si512( (__m512i*)dst, c );
            int i = 0;
            for( i = 0; i < 16; i++ ){
              if( ( src[i] + src[i] ) != dst[i] ){
                return -1;
              }
            }
            return 0;
          }
