Performing C SOURCE FILE Test HAVE_SSE succeeded with the following output:
Change Dir: '/home/avadik/srs/srsRAN_4G/build/release/CMakeFiles/CMakeTmp'

Run Build Command(s): /usr/bin/cmake -E env VERBOSE=1 /usr/bin/gmake -f Makefile cmTC_fd6df/fast
/usr/bin/gmake  -f CMakeFiles/cmTC_fd6df.dir/build.make CMakeFiles/cmTC_fd6df.dir/build
gmake[1]: вход в каталог «/home/avadik/srs/srsRAN_4G/build/release/CMakeFiles/CMakeTmp»
Building C object CMakeFiles/cmTC_fd6df.dir/src.c.o
/usr/bin/cc   -DHAVE_SSE -msse4.1 -o CMakeFiles/cmTC_fd6df.dir/src.c.o -c /home/avadik/srs/srsRAN_4G/build/release/CMakeFiles/CMakeTmp/src.c
Linking C executable cmTC_fd6df
/usr/bin/cmake -E cmake_link_script CMakeFiles/cmTC_fd6df.dir/link.txt --verbose=1
/usr/bin/cc  -DHAVE_SSE -msse4.1 CMakeFiles/cmTC_fd6df.dir/src.c.o -o cmTC_fd6df 
gmake[1]: выход из каталога «/home/avadik/srs/srsRAN_4G/build/release/CMakeFiles/CMakeTmp»


Return value: 1
Source file was:

        #include <emmintrin.h>
        #include <smmintrin.h>

        int main()
        {
        __m128i a = _mm_setzero_si128();
        __m128i b = _mm_minpos_epu16(a);
        return 0;
        }
Performing C SOURCE FILE Test HAVE_AVX succeeded with the following output:
Change Dir: '/home/avadik/srs/srsRAN_4G/build/release/CMakeFiles/CMakeTmp'

Run Build Command(s): /usr/bin/cmake -E env VERBOSE=1 /usr/bin/gmake -f Makefile cmTC_751bf/fast
/usr/bin/gmake  -f CMakeFiles/cmTC_751bf.dir/build.make CMakeFiles/cmTC_751bf.dir/build
gmake[1]: вход в каталог «/home/avadik/srs/srsRAN_4G/build/release/CMakeFiles/CMakeTmp»
Building C object CMakeFiles/cmTC_751bf.dir/src.c.o
/usr/bin/cc   -DHAVE_AVX -mavx -o CMakeFiles/cmTC_751bf.dir/src.c.o -c /home/avadik/srs/srsRAN_4G/build/release/CMakeFiles/CMakeTmp/src.c
Linking C executable cmTC_751bf
/usr/bin/cmake -E cmake_link_script CMakeFiles/cmTC_751bf.dir/link.txt --verbose=1
/usr/bin/cc  -DHAVE_AVX -mavx CMakeFiles/cmTC_751bf.dir/src.c.o -o cmTC_751bf 
gmake[1]: выход из каталога «/home/avadik/srs/srsRAN_4G/build/release/CMakeFiles/CMakeTmp»


Return value: 1
Source file was:

            #include <immintrin.h>
            int main()
            {
              __m256 a, b, c;
              const float src[8] = { 1.0f, 2.0f, 3.0f, 4.0f, 5.0f, 6.0f, 7.0f, 8.0f };
              float dst[8];
              a = _mm256_loadu_ps( src );
              b = _mm256_loadu_ps( src );
              c = _mm256_add_ps( a, b );
              _mm256_storeu_ps( dst, c );
              int i = 0;
              for( i = 0; i < 8; i++ ){
                if( ( src[i] + src[i] ) != dst[i] ){
                  return -1;
                }
              }
              return 0;
            }
Performing C SOURCE FILE Test HAVE_AVX2 succeeded with the following output:
Change Dir: '/home/avadik/srs/srsRAN_4G/build/release/CMakeFiles/CMakeTmp'

Run Build Command(s): /usr/bin/cmake -E env VERBOSE=1 /usr/bin/gmake -f Makefile cmTC_1afb7/fast
/usr/bin/gmake  -f CMakeFiles/cmTC_1afb7.dir/build.make CMakeFiles/cmTC_1afb7.dir/build
gmake[1]: вход в каталог «/home/avadik/srs/srsRAN_4G/build/release/CMakeFiles/CMakeTmp»
Building C object CMakeFiles/cmTC_1afb7.dir/src.c.o
/usr/bin/cc   -DHAVE_AVX2 -mavx2 -o CMakeFiles/cmTC_1afb7.dir/src.c.o -c /home/avadik/srs/srsRAN_4G/build/release/CMakeFiles/CMakeTmp/src.c
Linking C executable cmTC_1afb7
/usr/bin/cmake -E cmake_link_script CMakeFiles/cmTC_1afb7.dir/link.txt --verbose=1
/usr/bin/cc  -DHAVE_AVX2 -mavx2 CMakeFiles/cmTC_1afb7.dir/src.c.o -o cmTC_1afb7 
gmake[1]: выход из каталога «/home/avadik/srs/srsRAN_4G/build/release/CMakeFiles/CMakeTmp»


Return value: 1
Source file was:

          #include <immintrin.h>
          int main()
          {
            __m256i a, b, c;
            const int src[8] = { 1, 2, 3, 4, 5, 6, 7, 8 };
            int dst[8];
            a =  _mm256_loadu_si256( (__m256i*)src );
            b =  _mm256_loadu_si256( (__m256i*)src );
            c = _mm256_add_epi32( a, b );
            _mm256_storeu_si256( (__m256i*)dst, c );
            int i = 0;
            for( i = 0; i < 8; i++ ){
              if( ( src[i] + src[i] ) != dst[i] ){
                return -1;
              }
            }
            return 0;
          }
Performing C SOURCE FILE Test HAVE_FMA succeeded with the following output:
Change Dir: '/home/avadik/srs/srsRAN_4G/build/release/CMakeFiles/CMakeTmp'

Run Build Command(s): /usr/bin/cmake -E env VERBOSE=1 /usr/bin/gmake -f Makefile cmTC_fd089/fast
/usr/bin/gmake  -f CMakeFiles/cmTC_fd089.dir/build.make CMakeFiles/cmTC_fd089.dir/build
gmake[1]: вход в каталог «/home/avadik/srs/srsRAN_4G/build/release/CMakeFiles/CMakeTmp»
Building C object CMakeFiles/cmTC_fd089.dir/src.c.o
/usr/bin/cc   -DHAVE_FMA -mfma -o CMakeFiles/cmTC_fd089.dir/src.c.o -c /home/avadik/srs/srsRAN_4G/build/release/CMakeFiles/CMakeTmp/src.c
Linking C executable cmTC_fd089
/usr/bin/cmake -E cmake_link_script CMakeFiles/cmTC_fd089.dir/link.txt --verbose=1
/usr/bin/cc  -DHAVE_FMA -mfma CMakeFiles/cmTC_fd089.dir/src.c.o -o cmTC_fd089 
gmake[1]: выход из каталога «/home/avadik/srs/srsRAN_4G/build/release/CMakeFiles/CMakeTmp»


Return value: 1
Source file was:

            #include <immintrin.h>
            int main()
            {
              __m256 a, b, c, r;
              const float src[8] = { 1.0f, 2.0f, 3.0f, 4.0f, 5.0f, 6.0f, 7.0f, 8.0f };
              float dst[8];
              a = _mm256_loadu_ps( src );
              b = _mm256_loadu_ps( src );
              c = _mm256_loadu_ps( src );
              r = _mm256_fmadd_ps( a, b, c );
              _mm256_storeu_ps( dst, r );
              int i = 0;
              for( i = 0; i < 8; i++ ){
                if( ( src[i] * src[i] + src[i] ) != dst[i] ){
                  return -1;
                }
              }
              return 0;
            }
