Copyright 1986-2022 Xilinx, Inc. All Rights Reserved. Copyright 2022-2025 Advanced Micro Devices, Inc. All Rights Reserved.
---------------------------------------------------------------------------------------------------------------------------------------------------------------------------------------------------------------------------------------
| Tool Version : Vivado v.2024.2.2 (win64) Build 6060944 Thu Mar 06 19:10:01 MST 2025
| Date         : Thu Nov 27 15:18:04 2025
| Host         : NB-3826 running 64-bit major release  (build 9200)
| Command      : report_timing_summary -max_paths 10 -report_unconstrained -file some_rtl_tests_timing_summary_routed.rpt -pb some_rtl_tests_timing_summary_routed.pb -rpx some_rtl_tests_timing_summary_routed.rpx -warn_on_violation
| Design       : some_rtl_tests
| Device       : 7a50t-ftg256
| Speed File   : -1  PRODUCTION 1.23 2018-06-13
| Design State : Routed
---------------------------------------------------------------------------------------------------------------------------------------------------------------------------------------------------------------------------------------

Timing Summary Report

------------------------------------------------------------------------------------------------
| Timer Settings
| --------------
------------------------------------------------------------------------------------------------

  Enable Multi Corner Analysis               :  Yes
  Enable Pessimism Removal                   :  Yes
  Pessimism Removal Resolution               :  Nearest Common Node
  Enable Input Delay Default Clock           :  No
  Enable Preset / Clear Arcs                 :  No
  Disable Flight Delays                      :  No
  Ignore I/O Paths                           :  No
  Timing Early Launch at Borrowing Latches   :  No
  Borrow Time for Max Delay Exceptions       :  Yes
  Merge Timing Exceptions                    :  Yes
  Inter-SLR Compensation                     :  Conservative

  Corner  Analyze    Analyze    
  Name    Max Paths  Min Paths  
  ------  ---------  ---------  
  Slow    Yes        Yes        
  Fast    Yes        Yes        


------------------------------------------------------------------------------------------------
| Report Methodology
| ------------------
------------------------------------------------------------------------------------------------

Rule       Severity          Description                  Violations  
---------  ----------------  ---------------------------  ----------  
TIMING-17  Critical Warning  Non-clocked sequential cell  1           

Note: This report is based on the most recent report_methodology run and may not be up-to-date. Run report_methodology on the current design for the latest report.



check_timing report

Table of Contents
-----------------
1. checking no_clock (1)
2. checking constant_clock (0)
3. checking pulse_width_clock (0)
4. checking unconstrained_internal_endpoints (34)
5. checking no_input_delay (34)
6. checking no_output_delay (32)
7. checking multiple_clock (0)
8. checking generated_clocks (0)
9. checking loops (0)
10. checking partial_input_delay (0)
11. checking partial_output_delay (0)
12. checking latch_loops (0)

1. checking no_clock (1)
------------------------
 There is 1 register/latch pin with no clock driven by root clock pin: clk (HIGH)


2. checking constant_clock (0)
------------------------------
 There are 0 register/latch pins with constant_clock.


3. checking pulse_width_clock (0)
---------------------------------
 There are 0 register/latch pins which need pulse_width check


4. checking unconstrained_internal_endpoints (34)
-------------------------------------------------
 There are 34 pins that are not constrained for maximum delay. (HIGH)

 There are 0 pins that are not constrained for maximum delay due to constant clock.


5. checking no_input_delay (34)
-------------------------------
 There are 34 input ports with no input delay specified. (HIGH)

 There are 0 input ports with no input delay but user has a false path constraint.


6. checking no_output_delay (32)
--------------------------------
 There are 32 ports with no output delay specified. (HIGH)

 There are 0 ports with no output delay but user has a false path constraint

 There are 0 ports with no output delay but with a timing clock defined on it or propagating through it


7. checking multiple_clock (0)
------------------------------
 There are 0 register/latch pins with multiple clocks.


8. checking generated_clocks (0)
--------------------------------
 There are 0 generated clocks that are not connected to a clock source.


9. checking loops (0)
---------------------
 There are 0 combinational loops in the design.


10. checking partial_input_delay (0)
------------------------------------
 There are 0 input ports with partial input delay specified.


11. checking partial_output_delay (0)
-------------------------------------
 There are 0 ports with partial output delay specified.


12. checking latch_loops (0)
----------------------------
 There are 0 combinational latch loops in the design through latch input



------------------------------------------------------------------------------------------------
| Design Timing Summary
| ---------------------
------------------------------------------------------------------------------------------------

    WNS(ns)      TNS(ns)  TNS Failing Endpoints  TNS Total Endpoints      WHS(ns)      THS(ns)  THS Failing Endpoints  THS Total Endpoints     WPWS(ns)     TPWS(ns)  TPWS Failing Endpoints  TPWS Total Endpoints  
    -------      -------  ---------------------  -------------------      -------      -------  ---------------------  -------------------     --------     --------  ----------------------  --------------------  
        inf        0.000                      0                   66          inf        0.000                      0                   66           NA           NA                      NA                    NA  


There are no user specified timing constraints.


------------------------------------------------------------------------------------------------
| Clock Summary
| -------------
------------------------------------------------------------------------------------------------


------------------------------------------------------------------------------------------------
| Intra Clock Table
| -----------------
------------------------------------------------------------------------------------------------

Clock             WNS(ns)      TNS(ns)  TNS Failing Endpoints  TNS Total Endpoints      WHS(ns)      THS(ns)  THS Failing Endpoints  THS Total Endpoints     WPWS(ns)     TPWS(ns)  TPWS Failing Endpoints  TPWS Total Endpoints  
-----             -------      -------  ---------------------  -------------------      -------      -------  ---------------------  -------------------     --------     --------  ----------------------  --------------------  


------------------------------------------------------------------------------------------------
| Inter Clock Table
| -----------------
------------------------------------------------------------------------------------------------

From Clock    To Clock          WNS(ns)      TNS(ns)  TNS Failing Endpoints  TNS Total Endpoints      WHS(ns)      THS(ns)  THS Failing Endpoints  THS Total Endpoints  
----------    --------          -------      -------  ---------------------  -------------------      -------      -------  ---------------------  -------------------  


------------------------------------------------------------------------------------------------
| Other Path Groups Table
| -----------------------
------------------------------------------------------------------------------------------------

Path Group    From Clock    To Clock          WNS(ns)      TNS(ns)  TNS Failing Endpoints  TNS Total Endpoints      WHS(ns)      THS(ns)  THS Failing Endpoints  THS Total Endpoints  
----------    ----------    --------          -------      -------  ---------------------  -------------------      -------      -------  ---------------------  -------------------  


------------------------------------------------------------------------------------------------
| User Ignored Path Table
| -----------------------
------------------------------------------------------------------------------------------------

Path Group    From Clock    To Clock    
----------    ----------    --------    


------------------------------------------------------------------------------------------------
| Unconstrained Path Table
| ------------------------
------------------------------------------------------------------------------------------------

Path Group    From Clock    To Clock    
----------    ----------    --------    
(none)                                    


------------------------------------------------------------------------------------------------
| Timing Details
| --------------
------------------------------------------------------------------------------------------------


--------------------------------------------------------------------------------------
Path Group:  (none)
From Clock:  
  To Clock:  

Max Delay            66 Endpoints
Min Delay            66 Endpoints
--------------------------------------------------------------------------------------


Max Delay Paths
--------------------------------------------------------------------------------------
Slack:                    inf
  Source:                 ab_mul_reg/CLK
                            (rising edge-triggered cell DSP48E1)
  Destination:            ab_mul[0]
                            (output port)
  Path Group:             (none)
  Path Type:              Max at Slow Process Corner
  Data Path Delay:        5.815ns  (logic 3.082ns (53.005%)  route 2.733ns (46.995%))
  Logic Levels:           2  (DSP48E1=1 OBUF=1)

    Location             Delay type                Incr(ns)  Path(ns)    Netlist Resource(s)
  -------------------------------------------------------------------    -------------------
    DSP48_X0Y12          DSP48E1                      0.000     0.000 r  ab_mul_reg/CLK
    DSP48_X0Y12          DSP48E1 (Prop_dsp48e1_CLK_P[0])
                                                      0.434     0.434 r  ab_mul_reg/P[0]
                         net (fo=1, routed)           2.733     3.167    ab_mul_OBUF[0]
    T13                  OBUF (Prop_obuf_I_O)         2.648     5.815 r  ab_mul_OBUF[0]_inst/O
                         net (fo=0)                   0.000     5.815    ab_mul[0]
    T13                                                               r  ab_mul[0] (OUT)
  -------------------------------------------------------------------    -------------------

Slack:                    inf
  Source:                 ab_mul_reg/CLK
                            (rising edge-triggered cell DSP48E1)
  Destination:            ab_mul[2]
                            (output port)
  Path Group:             (none)
  Path Type:              Max at Slow Process Corner
  Data Path Delay:        5.793ns  (logic 3.096ns (53.453%)  route 2.696ns (46.547%))
  Logic Levels:           2  (DSP48E1=1 OBUF=1)

    Location             Delay type                Incr(ns)  Path(ns)    Netlist Resource(s)
  -------------------------------------------------------------------    -------------------
    DSP48_X0Y12          DSP48E1                      0.000     0.000 r  ab_mul_reg/CLK
    DSP48_X0Y12          DSP48E1 (Prop_dsp48e1_CLK_P[2])
                                                      0.434     0.434 r  ab_mul_reg/P[2]
                         net (fo=1, routed)           2.696     3.130    ab_mul_OBUF[2]
    T12                  OBUF (Prop_obuf_I_O)         2.662     5.793 r  ab_mul_OBUF[2]_inst/O
                         net (fo=0)                   0.000     5.793    ab_mul[2]
    T12                                                               r  ab_mul[2] (OUT)
  -------------------------------------------------------------------    -------------------

Slack:                    inf
  Source:                 ab_mul_reg/CLK
                            (rising edge-triggered cell DSP48E1)
  Destination:            ab_mul[4]
                            (output port)
  Path Group:             (none)
  Path Type:              Max at Slow Process Corner
  Data Path Delay:        5.788ns  (logic 3.111ns (53.744%)  route 2.677ns (46.256%))
  Logic Levels:           2  (DSP48E1=1 OBUF=1)

    Location             Delay type                Incr(ns)  Path(ns)    Netlist Resource(s)
  -------------------------------------------------------------------    -------------------
    DSP48_X0Y12          DSP48E1                      0.000     0.000 r  ab_mul_reg/CLK
    DSP48_X0Y12          DSP48E1 (Prop_dsp48e1_CLK_P[4])
                                                      0.434     0.434 r  ab_mul_reg/P[4]
                         net (fo=1, routed)           2.677     3.111    ab_mul_OBUF[4]
    P11                  OBUF (Prop_obuf_I_O)         2.677     5.788 r  ab_mul_OBUF[4]_inst/O
                         net (fo=0)                   0.000     5.788    ab_mul[4]
    P11                                                               r  ab_mul[4] (OUT)
  -------------------------------------------------------------------    -------------------

Slack:                    inf
  Source:                 ab_mul_reg/CLK
                            (rising edge-triggered cell DSP48E1)
  Destination:            ab_mul[31]
                            (output port)
  Path Group:             (none)
  Path Type:              Max at Slow Process Corner
  Data Path Delay:        5.757ns  (logic 3.032ns (52.676%)  route 2.724ns (47.324%))
  Logic Levels:           2  (DSP48E1=1 OBUF=1)

    Location             Delay type                Incr(ns)  Path(ns)    Netlist Resource(s)
  -------------------------------------------------------------------    -------------------
    DSP48_X0Y12          DSP48E1                      0.000     0.000 r  ab_mul_reg/CLK
    DSP48_X0Y12          DSP48E1 (Prop_dsp48e1_CLK_P[31])
                                                      0.434     0.434 r  ab_mul_reg/P[31]
                         net (fo=1, routed)           2.724     3.158    ab_mul_OBUF[31]
    K12                  OBUF (Prop_obuf_I_O)         2.598     5.757 r  ab_mul_OBUF[31]_inst/O
                         net (fo=0)                   0.000     5.757    ab_mul[31]
    K12                                                               r  ab_mul[31] (OUT)
  -------------------------------------------------------------------    -------------------

Slack:                    inf
  Source:                 ab_mul_reg/CLK
                            (rising edge-triggered cell DSP48E1)
  Destination:            ab_mul[23]
                            (output port)
  Path Group:             (none)
  Path Type:              Max at Slow Process Corner
  Data Path Delay:        5.732ns  (logic 3.064ns (53.459%)  route 2.668ns (46.541%))
  Logic Levels:           2  (DSP48E1=1 OBUF=1)

    Location             Delay type                Incr(ns)  Path(ns)    Netlist Resource(s)
  -------------------------------------------------------------------    -------------------
    DSP48_X0Y12          DSP48E1                      0.000     0.000 r  ab_mul_reg/CLK
    DSP48_X0Y12          DSP48E1 (Prop_dsp48e1_CLK_P[23])
                                                      0.434     0.434 r  ab_mul_reg/P[23]
                         net (fo=1, routed)           2.668     3.102    ab_mul_OBUF[23]
    M14                  OBUF (Prop_obuf_I_O)         2.630     5.732 r  ab_mul_OBUF[23]_inst/O
                         net (fo=0)                   0.000     5.732    ab_mul[23]
    M14                                                               r  ab_mul[23] (OUT)
  -------------------------------------------------------------------    -------------------

Slack:                    inf
  Source:                 ab_mul_reg/CLK
                            (rising edge-triggered cell DSP48E1)
  Destination:            ab_mul[24]
                            (output port)
  Path Group:             (none)
  Path Type:              Max at Slow Process Corner
  Data Path Delay:        5.707ns  (logic 3.065ns (53.696%)  route 2.643ns (46.304%))
  Logic Levels:           2  (DSP48E1=1 OBUF=1)

    Location             Delay type                Incr(ns)  Path(ns)    Netlist Resource(s)
  -------------------------------------------------------------------    -------------------
    DSP48_X0Y12          DSP48E1                      0.000     0.000 r  ab_mul_reg/CLK
    DSP48_X0Y12          DSP48E1 (Prop_dsp48e1_CLK_P[24])
                                                      0.434     0.434 r  ab_mul_reg/P[24]
                         net (fo=1, routed)           2.643     3.077    ab_mul_OBUF[24]
    L14                  OBUF (Prop_obuf_I_O)         2.631     5.707 r  ab_mul_OBUF[24]_inst/O
                         net (fo=0)                   0.000     5.707    ab_mul[24]
    L14                                                               r  ab_mul[24] (OUT)
  -------------------------------------------------------------------    -------------------

Slack:                    inf
  Source:                 ab_mul_reg/CLK
                            (rising edge-triggered cell DSP48E1)
  Destination:            ab_mul[1]
                            (output port)
  Path Group:             (none)
  Path Type:              Max at Slow Process Corner
  Data Path Delay:        5.659ns  (logic 3.088ns (54.572%)  route 2.571ns (45.428%))
  Logic Levels:           2  (DSP48E1=1 OBUF=1)

    Location             Delay type                Incr(ns)  Path(ns)    Netlist Resource(s)
  -------------------------------------------------------------------    -------------------
    DSP48_X0Y12          DSP48E1                      0.000     0.000 r  ab_mul_reg/CLK
    DSP48_X0Y12          DSP48E1 (Prop_dsp48e1_CLK_P[1])
                                                      0.434     0.434 r  ab_mul_reg/P[1]
                         net (fo=1, routed)           2.571     3.005    ab_mul_OBUF[1]
    R13                  OBUF (Prop_obuf_I_O)         2.654     5.659 r  ab_mul_OBUF[1]_inst/O
                         net (fo=0)                   0.000     5.659    ab_mul[1]
    R13                                                               r  ab_mul[1] (OUT)
  -------------------------------------------------------------------    -------------------

Slack:                    inf
  Source:                 ab_mul_reg/CLK
                            (rising edge-triggered cell DSP48E1)
  Destination:            ab_mul[30]
                            (output port)
  Path Group:             (none)
  Path Type:              Max at Slow Process Corner
  Data Path Delay:        5.659ns  (logic 3.050ns (53.902%)  route 2.608ns (46.098%))
  Logic Levels:           2  (DSP48E1=1 OBUF=1)

    Location             Delay type                Incr(ns)  Path(ns)    Netlist Resource(s)
  -------------------------------------------------------------------    -------------------
    DSP48_X0Y12          DSP48E1                      0.000     0.000 r  ab_mul_reg/CLK
    DSP48_X0Y12          DSP48E1 (Prop_dsp48e1_CLK_P[30])
                                                      0.434     0.434 r  ab_mul_reg/P[30]
                         net (fo=1, routed)           2.608     3.042    ab_mul_OBUF[30]
    J13                  OBUF (Prop_obuf_I_O)         2.616     5.659 r  ab_mul_OBUF[30]_inst/O
                         net (fo=0)                   0.000     5.659    ab_mul[30]
    J13                                                               r  ab_mul[30] (OUT)
  -------------------------------------------------------------------    -------------------

Slack:                    inf
  Source:                 ab_mul_reg/CLK
                            (rising edge-triggered cell DSP48E1)
  Destination:            ab_mul[26]
                            (output port)
  Path Group:             (none)
  Path Type:              Max at Slow Process Corner
  Data Path Delay:        5.647ns  (logic 3.076ns (54.474%)  route 2.571ns (45.526%))
  Logic Levels:           2  (DSP48E1=1 OBUF=1)

    Location             Delay type                Incr(ns)  Path(ns)    Netlist Resource(s)
  -------------------------------------------------------------------    -------------------
    DSP48_X0Y12          DSP48E1                      0.000     0.000 r  ab_mul_reg/CLK
    DSP48_X0Y12          DSP48E1 (Prop_dsp48e1_CLK_P[26])
                                                      0.434     0.434 r  ab_mul_reg/P[26]
                         net (fo=1, routed)           2.571     3.005    ab_mul_OBUF[26]
    L15                  OBUF (Prop_obuf_I_O)         2.642     5.647 r  ab_mul_OBUF[26]_inst/O
                         net (fo=0)                   0.000     5.647    ab_mul[26]
    L15                                                               r  ab_mul[26] (OUT)
  -------------------------------------------------------------------    -------------------

Slack:                    inf
  Source:                 ab_mul_reg/CLK
                            (rising edge-triggered cell DSP48E1)
  Destination:            ab_mul[25]
                            (output port)
  Path Group:             (none)
  Path Type:              Max at Slow Process Corner
  Data Path Delay:        5.644ns  (logic 3.076ns (54.508%)  route 2.567ns (45.492%))
  Logic Levels:           2  (DSP48E1=1 OBUF=1)

    Location             Delay type                Incr(ns)  Path(ns)    Netlist Resource(s)
  -------------------------------------------------------------------    -------------------
    DSP48_X0Y12          DSP48E1                      0.000     0.000 r  ab_mul_reg/CLK
    DSP48_X0Y12          DSP48E1 (Prop_dsp48e1_CLK_P[25])
                                                      0.434     0.434 r  ab_mul_reg/P[25]
                         net (fo=1, routed)           2.567     3.001    ab_mul_OBUF[25]
    M15                  OBUF (Prop_obuf_I_O)         2.642     5.644 r  ab_mul_OBUF[25]_inst/O
                         net (fo=0)                   0.000     5.644    ab_mul[25]
    M15                                                               r  ab_mul[25] (OUT)
  -------------------------------------------------------------------    -------------------





Min Delay Paths
--------------------------------------------------------------------------------------
Slack:                    inf
  Source:                 b[3]
                            (input port)
  Destination:            ab_mul_reg/B[3]
  Path Group:             (none)
  Path Type:              Min at Fast Process Corner
  Data Path Delay:        1.069ns  (logic 0.197ns (18.399%)  route 0.872ns (81.601%))
  Logic Levels:           1  (IBUF=1)

    Location             Delay type                Incr(ns)  Path(ns)    Netlist Resource(s)
  -------------------------------------------------------------------    -------------------
    J16                                               0.000     0.000 r  b[3] (IN)
                         net (fo=0)                   0.000     0.000    b[3]
    J16                  IBUF (Prop_ibuf_I_O)         0.197     0.197 r  b_IBUF[3]_inst/O
                         net (fo=1, routed)           0.872     1.069    b_IBUF[3]
    DSP48_X0Y12          DSP48E1                                      r  ab_mul_reg/B[3]
  -------------------------------------------------------------------    -------------------

Slack:                    inf
  Source:                 b[0]
                            (input port)
  Destination:            ab_mul_reg/B[0]
  Path Group:             (none)
  Path Type:              Min at Fast Process Corner
  Data Path Delay:        1.100ns  (logic 0.187ns (16.972%)  route 0.913ns (83.028%))
  Logic Levels:           1  (IBUF=1)

    Location             Delay type                Incr(ns)  Path(ns)    Netlist Resource(s)
  -------------------------------------------------------------------    -------------------
    G11                                               0.000     0.000 r  b[0] (IN)
                         net (fo=0)                   0.000     0.000    b[0]
    G11                  IBUF (Prop_ibuf_I_O)         0.187     0.187 r  b_IBUF[0]_inst/O
                         net (fo=1, routed)           0.913     1.100    b_IBUF[0]
    DSP48_X0Y12          DSP48E1                                      r  ab_mul_reg/B[0]
  -------------------------------------------------------------------    -------------------

Slack:                    inf
  Source:                 b[2]
                            (input port)
  Destination:            ab_mul_reg/B[2]
  Path Group:             (none)
  Path Type:              Min at Fast Process Corner
  Data Path Delay:        1.142ns  (logic 0.199ns (17.379%)  route 0.944ns (82.621%))
  Logic Levels:           1  (IBUF=1)

    Location             Delay type                Incr(ns)  Path(ns)    Netlist Resource(s)
  -------------------------------------------------------------------    -------------------
    H14                                               0.000     0.000 r  b[2] (IN)
                         net (fo=0)                   0.000     0.000    b[2]
    H14                  IBUF (Prop_ibuf_I_O)         0.199     0.199 r  b_IBUF[2]_inst/O
                         net (fo=1, routed)           0.944     1.142    b_IBUF[2]
    DSP48_X0Y12          DSP48E1                                      r  ab_mul_reg/B[2]
  -------------------------------------------------------------------    -------------------

Slack:                    inf
  Source:                 a[14]
                            (input port)
  Destination:            ab_mul_reg/A[14]
  Path Group:             (none)
  Path Type:              Min at Fast Process Corner
  Data Path Delay:        1.149ns  (logic 0.225ns (19.544%)  route 0.925ns (80.456%))
  Logic Levels:           1  (IBUF=1)

    Location             Delay type                Incr(ns)  Path(ns)    Netlist Resource(s)
  -------------------------------------------------------------------    -------------------
    N9                                                0.000     0.000 r  a[14] (IN)
                         net (fo=0)                   0.000     0.000    a[14]
    N9                   IBUF (Prop_ibuf_I_O)         0.225     0.225 r  a_IBUF[14]_inst/O
                         net (fo=1, routed)           0.925     1.149    a_IBUF[14]
    DSP48_X0Y12          DSP48E1                                      r  ab_mul_reg/A[14]
  -------------------------------------------------------------------    -------------------

Slack:                    inf
  Source:                 a[11]
                            (input port)
  Destination:            ab_mul_reg/A[11]
  Path Group:             (none)
  Path Type:              Min at Fast Process Corner
  Data Path Delay:        1.151ns  (logic 0.248ns (21.522%)  route 0.903ns (78.478%))
  Logic Levels:           1  (IBUF=1)

    Location             Delay type                Incr(ns)  Path(ns)    Netlist Resource(s)
  -------------------------------------------------------------------    -------------------
    N6                                                0.000     0.000 r  a[11] (IN)
                         net (fo=0)                   0.000     0.000    a[11]
    N6                   IBUF (Prop_ibuf_I_O)         0.248     0.248 r  a_IBUF[11]_inst/O
                         net (fo=1, routed)           0.903     1.151    a_IBUF[11]
    DSP48_X0Y12          DSP48E1                                      r  ab_mul_reg/A[11]
  -------------------------------------------------------------------    -------------------

Slack:                    inf
  Source:                 a[15]
                            (input port)
  Destination:            ab_mul_reg/A[15]
  Path Group:             (none)
  Path Type:              Min at Fast Process Corner
  Data Path Delay:        1.155ns  (logic 0.227ns (19.638%)  route 0.928ns (80.362%))
  Logic Levels:           1  (IBUF=1)

    Location             Delay type                Incr(ns)  Path(ns)    Netlist Resource(s)
  -------------------------------------------------------------------    -------------------
    R11                                               0.000     0.000 r  a[15] (IN)
                         net (fo=0)                   0.000     0.000    a[15]
    R11                  IBUF (Prop_ibuf_I_O)         0.227     0.227 r  a_IBUF[15]_inst/O
                         net (fo=1, routed)           0.928     1.155    a_IBUF[15]
    DSP48_X0Y12          DSP48E1                                      r  ab_mul_reg/A[15]
  -------------------------------------------------------------------    -------------------

Slack:                    inf
  Source:                 b[11]
                            (input port)
  Destination:            ab_mul_reg/B[11]
  Path Group:             (none)
  Path Type:              Min at Fast Process Corner
  Data Path Delay:        1.160ns  (logic 0.202ns (17.418%)  route 0.958ns (82.582%))
  Logic Levels:           1  (IBUF=1)

    Location             Delay type                Incr(ns)  Path(ns)    Netlist Resource(s)
  -------------------------------------------------------------------    -------------------
    G12                                               0.000     0.000 r  b[11] (IN)
                         net (fo=0)                   0.000     0.000    b[11]
    G12                  IBUF (Prop_ibuf_I_O)         0.202     0.202 r  b_IBUF[11]_inst/O
                         net (fo=1, routed)           0.958     1.160    b_IBUF[11]
    DSP48_X0Y12          DSP48E1                                      r  ab_mul_reg/B[11]
  -------------------------------------------------------------------    -------------------

Slack:                    inf
  Source:                 a[16]
                            (input port)
  Destination:            ab_mul_reg/A[16]
  Path Group:             (none)
  Path Type:              Min at Fast Process Corner
  Data Path Delay:        1.160ns  (logic 0.232ns (19.989%)  route 0.928ns (80.011%))
  Logic Levels:           1  (IBUF=1)

    Location             Delay type                Incr(ns)  Path(ns)    Netlist Resource(s)
  -------------------------------------------------------------------    -------------------
    R10                                               0.000     0.000 r  a[16] (IN)
                         net (fo=0)                   0.000     0.000    a[16]
    R10                  IBUF (Prop_ibuf_I_O)         0.232     0.232 r  a_IBUF[16]_inst/O
                         net (fo=1, routed)           0.928     1.160    a_IBUF[16]
    DSP48_X0Y12          DSP48E1                                      r  ab_mul_reg/A[16]
  -------------------------------------------------------------------    -------------------

Slack:                    inf
  Source:                 a[13]
                            (input port)
  Destination:            ab_mul_reg/A[13]
  Path Group:             (none)
  Path Type:              Min at Fast Process Corner
  Data Path Delay:        1.163ns  (logic 0.224ns (19.283%)  route 0.939ns (80.717%))
  Logic Levels:           1  (IBUF=1)

    Location             Delay type                Incr(ns)  Path(ns)    Netlist Resource(s)
  -------------------------------------------------------------------    -------------------
    P9                                                0.000     0.000 r  a[13] (IN)
                         net (fo=0)                   0.000     0.000    a[13]
    P9                   IBUF (Prop_ibuf_I_O)         0.224     0.224 r  a_IBUF[13]_inst/O
                         net (fo=1, routed)           0.939     1.163    a_IBUF[13]
    DSP48_X0Y12          DSP48E1                                      r  ab_mul_reg/A[13]
  -------------------------------------------------------------------    -------------------

Slack:                    inf
  Source:                 a[12]
                            (input port)
  Destination:            ab_mul_reg/A[12]
  Path Group:             (none)
  Path Type:              Min at Fast Process Corner
  Data Path Delay:        1.165ns  (logic 0.249ns (21.391%)  route 0.916ns (78.609%))
  Logic Levels:           1  (IBUF=1)

    Location             Delay type                Incr(ns)  Path(ns)    Netlist Resource(s)
  -------------------------------------------------------------------    -------------------
    M6                                                0.000     0.000 r  a[12] (IN)
                         net (fo=0)                   0.000     0.000    a[12]
    M6                   IBUF (Prop_ibuf_I_O)         0.249     0.249 r  a_IBUF[12]_inst/O
                         net (fo=1, routed)           0.916     1.165    a_IBUF[12]
    DSP48_X0Y12          DSP48E1                                      r  ab_mul_reg/A[12]
  -------------------------------------------------------------------    -------------------





